servlets\SendVolunteerMessage.class
database\init\JSON_Converter.class
servlets\SendUserMessage.class
mainClasses\Incident.class
servlets\DeleteDB.class
database\tables\EditVolunteersTable.class
servlets\GetMessages.class
servlets\Logout.class
database\DB_Connection.class
database\tables\EditIncidentsTable.class
servlets\LoadRunningIncidents.class
servlets\LoadIncidentsUser.class
mainClasses\Participant.class
servlets\AddMessage.class
servlets\LoadVolunteer.class
database\tables\EditMessagesTable.class
servlets\UpdateIncident.class
mainClasses\User.class
mainClasses\Volunteer.class
RestAPI\API.class
database\init\InitDatabase.class
servlets\InitDB.class
servlets\RegistrationVolunteer.class
servlets\AcceptIncidentParticipation.class
servlets\CreateSeats.class
database\tables\EditParticipantsTable.class
database\tables\EditUsersTable.class
servlets\UpdateUser.class
servlets\GetStatistics.class
servlets\Login.class
servlets\GetIncidentDetails.class
servlets\GetVolunteerHistory.class
database\init\Resources.class
RestAPI\StandardResponse.class
servlets\GetUserLocation.class
servlets\CalculateNearbyIncidents.class
servlets\LoadUser.class
servlets\SendPublicMessage.class
database\tables\CheckForDuplicatesExample.class
mainClasses\Message.class
servlets\LoadIncidents.class
servlets\UpdateVolunteer.class
servlets\RegistrationUser.class
servlets\GetMessagesUser.class
servlets\GetMessagesVolunteer.class
servlets\GetUser.class
servlets\GetActiveIncidentsForVolunteers.class
servlets\AddIncident.class
