C:\Users\narba\Desktop\csd\cs359\HY359_Project\src\main\java\servlets\UpdateUser.java
C:\Users\narba\Desktop\csd\cs359\HY359_Project\src\main\java\servlets\CreateSeats.java
C:\Users\narba\Desktop\csd\cs359\HY359_Project\src\main\java\servlets\GetStatistics.java
C:\Users\narba\Desktop\csd\cs359\HY359_Project\src\main\java\mainClasses\Participant.java
C:\Users\narba\Desktop\csd\cs359\HY359_Project\src\main\java\servlets\LoadIncidents.java
C:\Users\narba\Desktop\csd\cs359\HY359_Project\src\main\java\servlets\LoadIncidentsUser.java
C:\Users\narba\Desktop\csd\cs359\HY359_Project\src\main\java\mainClasses\Message.java
C:\Users\narba\Desktop\csd\cs359\HY359_Project\src\main\java\servlets\GetUser.java
C:\Users\narba\Desktop\csd\cs359\HY359_Project\src\main\java\servlets\GetMessagesUser.java
C:\Users\narba\Desktop\csd\cs359\HY359_Project\src\main\java\servlets\DeleteDB.java
C:\Users\narba\Desktop\csd\cs359\HY359_Project\src\main\java\servlets\RegistrationUser.java
C:\Users\narba\Desktop\csd\cs359\HY359_Project\src\main\java\servlets\GetActiveIncidentsForVolunteers.java
C:\Users\narba\Desktop\csd\cs359\HY359_Project\src\main\java\servlets\GetUserLocation.java
C:\Users\narba\Desktop\csd\cs359\HY359_Project\src\main\java\RestAPI\StandardResponse.java
C:\Users\narba\Desktop\csd\cs359\HY359_Project\src\main\java\servlets\Logout.java
C:\Users\narba\Desktop\csd\cs359\HY359_Project\src\main\java\mainClasses\Volunteer.java
C:\Users\narba\Desktop\csd\cs359\HY359_Project\src\main\java\servlets\GetMessages.java
C:\Users\narba\Desktop\csd\cs359\HY359_Project\src\main\java\servlets\GetVolunteerHistory.java
C:\Users\narba\Desktop\csd\cs359\HY359_Project\src\main\java\database\tables\EditIncidentsTable.java
C:\Users\narba\Desktop\csd\cs359\HY359_Project\src\main\java\servlets\UpdateVolunteer.java
C:\Users\narba\Desktop\csd\cs359\HY359_Project\src\main\java\database\init\Resources.java
C:\Users\narba\Desktop\csd\cs359\HY359_Project\src\main\java\database\tables\EditVolunteersTable.java
C:\Users\narba\Desktop\csd\cs359\HY359_Project\src\main\java\mainClasses\Incident.java
C:\Users\narba\Desktop\csd\cs359\HY359_Project\src\main\java\servlets\RegistrationVolunteer.java
C:\Users\narba\Desktop\csd\cs359\HY359_Project\src\main\java\servlets\SendUserMessage.java
C:\Users\narba\Desktop\csd\cs359\HY359_Project\src\main\java\servlets\GetMessagesVolunteer.java
C:\Users\narba\Desktop\csd\cs359\HY359_Project\src\main\java\servlets\GetIncidentDetails.java
C:\Users\narba\Desktop\csd\cs359\HY359_Project\src\main\java\database\init\JSON_Converter.java
C:\Users\narba\Desktop\csd\cs359\HY359_Project\src\main\java\servlets\InitDB.java
C:\Users\narba\Desktop\csd\cs359\HY359_Project\src\main\java\servlets\AddIncident.java
C:\Users\narba\Desktop\csd\cs359\HY359_Project\src\main\java\servlets\AddMessage.java
C:\Users\narba\Desktop\csd\cs359\HY359_Project\src\main\java\database\tables\EditUsersTable.java
C:\Users\narba\Desktop\csd\cs359\HY359_Project\src\main\java\servlets\LoadUser.java
C:\Users\narba\Desktop\csd\cs359\HY359_Project\src\main\java\servlets\Login.java
C:\Users\narba\Desktop\csd\cs359\HY359_Project\src\main\java\database\DB_Connection.java
C:\Users\narba\Desktop\csd\cs359\HY359_Project\src\main\java\database\init\InitDatabase.java
C:\Users\narba\Desktop\csd\cs359\HY359_Project\src\main\java\servlets\SendVolunteerMessage.java
C:\Users\narba\Desktop\csd\cs359\HY359_Project\src\main\java\servlets\SendPublicMessage.java
C:\Users\narba\Desktop\csd\cs359\HY359_Project\src\main\java\servlets\AcceptIncidentParticipation.java
C:\Users\narba\Desktop\csd\cs359\HY359_Project\src\main\java\servlets\UpdateIncident.java
C:\Users\narba\Desktop\csd\cs359\HY359_Project\src\main\java\servlets\CalculateNearbyIncidents.java
C:\Users\narba\Desktop\csd\cs359\HY359_Project\src\main\java\RestAPI\API.java
C:\Users\narba\Desktop\csd\cs359\HY359_Project\src\main\java\database\tables\EditMessagesTable.java
C:\Users\narba\Desktop\csd\cs359\HY359_Project\src\main\java\servlets\LoadVolunteer.java
C:\Users\narba\Desktop\csd\cs359\HY359_Project\src\main\java\database\tables\CheckForDuplicatesExample.java
C:\Users\narba\Desktop\csd\cs359\HY359_Project\src\main\java\database\tables\EditParticipantsTable.java
C:\Users\narba\Desktop\csd\cs359\HY359_Project\src\main\java\mainClasses\User.java
C:\Users\narba\Desktop\csd\cs359\HY359_Project\src\main\java\servlets\LoadRunningIncidents.java
